D:\Scolaire\Exia.CESI\Projets\06 - Boulder Dash\Boulder_Dash\BoulderDash\BoulderDash\model\src\main\java\model\ModelFacade.java
D:\Scolaire\Exia.CESI\Projets\06 - Boulder Dash\Boulder_Dash\BoulderDash\BoulderDash\model\src\main\java\model\Level.java
D:\Scolaire\Exia.CESI\Projets\06 - Boulder Dash\Boulder_Dash\BoulderDash\BoulderDash\model\src\main\java\model\Boulder.java
D:\Scolaire\Exia.CESI\Projets\06 - Boulder Dash\Boulder_Dash\BoulderDash\BoulderDash\model\src\main\java\model\Enemy2.java
D:\Scolaire\Exia.CESI\Projets\06 - Boulder Dash\Boulder_Dash\BoulderDash\BoulderDash\model\src\main\java\model\Wall.java
D:\Scolaire\Exia.CESI\Projets\06 - Boulder Dash\Boulder_Dash\BoulderDash\BoulderDash\model\src\main\java\model\FallingEntity.java
D:\Scolaire\Exia.CESI\Projets\06 - Boulder Dash\Boulder_Dash\BoulderDash\BoulderDash\model\src\main\java\model\Entity.java
D:\Scolaire\Exia.CESI\Projets\06 - Boulder Dash\Boulder_Dash\BoulderDash\BoulderDash\model\src\main\java\model\dao\BoulderDashBDDConnector.java
D:\Scolaire\Exia.CESI\Projets\06 - Boulder Dash\Boulder_Dash\BoulderDash\BoulderDash\model\src\main\java\model\StaticEntity.java
D:\Scolaire\Exia.CESI\Projets\06 - Boulder Dash\Boulder_Dash\BoulderDash\BoulderDash\model\src\main\java\model\MovingEntity.java
D:\Scolaire\Exia.CESI\Projets\06 - Boulder Dash\Boulder_Dash\BoulderDash\BoulderDash\model\src\main\java\model\Hero.java
D:\Scolaire\Exia.CESI\Projets\06 - Boulder Dash\Boulder_Dash\BoulderDash\BoulderDash\model\src\main\java\model\dao\package-info.java
D:\Scolaire\Exia.CESI\Projets\06 - Boulder Dash\Boulder_Dash\BoulderDash\BoulderDash\model\src\main\java\model\EmptyBlock.java
D:\Scolaire\Exia.CESI\Projets\06 - Boulder Dash\Boulder_Dash\BoulderDash\BoulderDash\model\src\main\java\model\Dirt.java
D:\Scolaire\Exia.CESI\Projets\06 - Boulder Dash\Boulder_Dash\BoulderDash\BoulderDash\model\src\main\java\model\Enemy1.java
D:\Scolaire\Exia.CESI\Projets\06 - Boulder Dash\Boulder_Dash\BoulderDash\BoulderDash\model\src\main\java\model\Diamond.java
D:\Scolaire\Exia.CESI\Projets\06 - Boulder Dash\Boulder_Dash\BoulderDash\BoulderDash\model\src\main\java\model\Enemy.java
D:\Scolaire\Exia.CESI\Projets\06 - Boulder Dash\Boulder_Dash\BoulderDash\BoulderDash\model\src\main\java\model\dao\AbstractDAO.java
D:\Scolaire\Exia.CESI\Projets\06 - Boulder Dash\Boulder_Dash\BoulderDash\BoulderDash\model\src\main\java\model\package-info.java
D:\Scolaire\Exia.CESI\Projets\06 - Boulder Dash\Boulder_Dash\BoulderDash\BoulderDash\model\src\main\java\model\dao\EntityDAO.java
